---
source: src/ui/src/../tests/snapshots.rs
expression: "snapshot(ui, frame)"
---
Buffer {
    area: Rect { x: 0, y: 0, width: 8, height: 30 },
    content: [
        "  󱂪     ",
        "        ",
        "        ",
        "   󰍉    ",
        "        ",
        "       ",
        "   󰷏    ",
        "       ",
        "       ",
        "        ",
        "   󰐕    ",
        "   󰒋    ",
        "       ",
        "       ",
        "        ",
        "        ",
        "        ",
        "        ",
        "        ",
        "        ",
        "        ",
        "        ",
        "        ",
        "        ",
        "        ",
        "        ",
        " main ✓ ",
        "        ",
        "  󰻃  󰐕  ",
        "        ",
    ],
    styles: [
        x: 0, y: 0, fg: Rgb(225, 231, 240), bg: Rgb(25, 34, 49), modifier: NONE,
        x: 1, y: 0, fg: Rgb(152, 168, 190), bg: Rgb(25, 34, 49), modifier: NONE,
        x: 5, y: 0, fg: Rgb(225, 231, 240), bg: Rgb(25, 34, 49), modifier: NONE,
        x: 1, y: 3, fg: Rgb(152, 168, 190), bg: Rgb(35, 44, 59), modifier: NONE,
        x: 7, y: 3, fg: Rgb(225, 231, 240), bg: Rgb(25, 34, 49), modifier: NONE,
        x: 1, y: 4, fg: Rgb(225, 231, 240), bg: Rgb(35, 44, 59), modifier: NONE,
        x: 7, y: 4, fg: Rgb(225, 231, 240), bg: Rgb(25, 34, 49), modifier: NONE,
        x: 1, y: 10, fg: Rgb(152, 168, 190), bg: Rgb(25, 34, 49), modifier: NONE,
        x: 7, y: 10, fg: Rgb(225, 231, 240), bg: Rgb(25, 34, 49), modifier: NONE,
        x: 1, y: 11, fg: Rgb(255, 233, 168), bg: Rgb(52, 72, 95), modifier: NONE,
        x: 7, y: 11, fg: Rgb(225, 231, 240), bg: Rgb(25, 34, 49), modifier: NONE,
        x: 1, y: 12, fg: Rgb(232, 100, 100), bg: Rgb(25, 34, 49), modifier: NONE,
        x: 7, y: 12, fg: Rgb(225, 231, 240), bg: Rgb(25, 34, 49), modifier: NONE,
        x: 1, y: 26, fg: Rgb(152, 168, 190), bg: Rgb(25, 34, 49), modifier: NONE,
        x: 7, y: 26, fg: Rgb(225, 231, 240), bg: Rgb(25, 34, 49), modifier: NONE,
        x: 2, y: 28, fg: Rgb(169, 199, 245), bg: Rgb(25, 34, 49), modifier: NONE,
        x: 4, y: 28, fg: Rgb(225, 231, 240), bg: Rgb(25, 34, 49), modifier: NONE,
        x: 5, y: 28, fg: Rgb(152, 168, 190), bg: Rgb(25, 34, 49), modifier: NONE,
        x: 7, y: 28, fg: Rgb(225, 231, 240), bg: Rgb(25, 34, 49), modifier: NONE,
    ]
}
surfaces:
  RoundedSurface { rect: Rect { x: 1, y: 0, width: 4, height: 2 }, fill: Rgb(25, 34, 49), radius: 8.0, inset: 5.0, square: true, scale_y: 1.0, stacked: false, shift_y: 0.0 }
  RoundedSurface { rect: Rect { x: 1, y: 3, width: 6, height: 2 }, fill: Rgb(35, 44, 59), radius: 9.0, inset: 1.5, square: false, scale_y: 1.0, stacked: false, shift_y: 0.0 }
  RoundedSurface { rect: Rect { x: 1, y: 5, width: 6, height: 1 }, fill: Rgb(25, 34, 49), radius: 9.0, inset: 1.5, square: false, scale_y: 1.0, stacked: false, shift_y: 0.0 }
  RoundedSurface { rect: Rect { x: 1, y: 6, width: 6, height: 1 }, fill: Rgb(25, 34, 49), radius: 9.0, inset: 1.5, square: false, scale_y: 1.0, stacked: false, shift_y: 0.0 }
  RoundedSurface { rect: Rect { x: 1, y: 7, width: 6, height: 1 }, fill: Rgb(25, 34, 49), radius: 9.0, inset: 1.5, square: false, scale_y: 1.0, stacked: false, shift_y: 0.0 }
  RoundedSurface { rect: Rect { x: 1, y: 8, width: 6, height: 1 }, fill: Rgb(25, 34, 49), radius: 9.0, inset: 1.5, square: false, scale_y: 1.0, stacked: false, shift_y: 0.0 }
  RoundedSurface { rect: Rect { x: 1, y: 10, width: 6, height: 1 }, fill: Rgb(25, 34, 49), radius: 9.0, inset: 1.5, square: false, scale_y: 1.0, stacked: false, shift_y: 0.0 }
  RoundedSurface { rect: Rect { x: 1, y: 11, width: 6, height: 1 }, fill: Rgb(52, 72, 95), radius: 9.0, inset: 1.5, square: false, scale_y: 1.0, stacked: false, shift_y: 0.0 }
  RoundedSurface { rect: Rect { x: 1, y: 12, width: 6, height: 1 }, fill: Rgb(25, 34, 49), radius: 9.0, inset: 1.5, square: false, scale_y: 1.0, stacked: false, shift_y: 0.0 }
  RoundedSurface { rect: Rect { x: 1, y: 13, width: 6, height: 1 }, fill: Rgb(25, 34, 49), radius: 9.0, inset: 1.5, square: false, scale_y: 1.0, stacked: false, shift_y: 0.0 }
  RoundedSurface { rect: Rect { x: 2, y: 28, width: 2, height: 2 }, fill: Rgb(25, 34, 49), radius: 8.0, inset: 5.0, square: true, scale_y: 1.0, stacked: false, shift_y: 0.0 }
  RoundedSurface { rect: Rect { x: 5, y: 28, width: 2, height: 2 }, fill: Rgb(25, 34, 49), radius: 8.0, inset: 5.0, square: true, scale_y: 1.0, stacked: false, shift_y: 0.0 }
hits:
  Rail Rect { x: 1, y: 0, width: 4, height: 2 } "Toggle sidebar  <cmd>B"
  Search Rect { x: 1, y: 3, width: 6, height: 2 } ""
  Tab(1) Rect { x: 1, y: 5, width: 6, height: 1 } "~/journal"
  Folder("folder-1") Rect { x: 1, y: 6, width: 6, height: 1 } "Docs\nDrop tabs here. Right click to rename or ungroup."
  Tab(2) Rect { x: 1, y: 7, width: 6, height: 1 } "~/guide"
  Tab(3) Rect { x: 1, y: 8, width: 6, height: 1 } "~/api"
  NewTab Rect { x: 1, y: 10, width: 6, height: 1 } "New tab  <cmd>T"
  Tab(4) Rect { x: 1, y: 11, width: 6, height: 1 } "~/api"
  Tab(5) Rect { x: 1, y: 12, width: 6, height: 1 } "~/dotfiles"
  Tab(6) Rect { x: 1, y: 13, width: 6, height: 1 } "Release notes"
  Space("home") Rect { x: 1, y: 28, width: 3, height: 2 } "Home"
  CreateSpace Rect { x: 4, y: 28, width: 3, height: 2 } "New space"
cursor: None
cursor_shift: 0
ime_rect: None
transform: SurfaceTransform { translate_x: 0.0, opacity: 1.0 }
focused: None
modal: false overlay_surface: false content_page: false text_input: false
